---
source: src/sitemap.rs
expression: sitemap
---
<?xml version="1.0" encoding="UTF-8"?>
<?xml-stylesheet type="text/xsl" href="/sitemap.xsl"??>
<urlset xmlns="http://www.sitemaps.org/schemas/sitemap/0.9" xmlns:image="http://www.google.com/schemas/sitemap-image/1.1" xmlns:video="http://www.google.com/schemas/sitemap-video/1.1">
  <url>
    <loc>http://www.example.com/</loc>
  </url>
  <url>
    <loc>https://example.org/</loc>
    <lastmod>2005-01-01</lastmod>
    <changefreq>monthly</changefreq>
    <priority>0.8</priority>
  </url>
  <url>
    <loc>http://www.example.com/catalog?item=12&amp;amp;desc=vacation_hawaii</loc>
    <changefreq>weekly</changefreq>
  </url>
  <url>
    <loc>http://www.example.com/catalog?item=73&amp;amp;desc=vacation_new_zealand</loc>
    <lastmod>2004-12-23</lastmod>
    <changefreq>weekly</changefreq>
  </url>
  <url>
    <loc>http://www.example.com/catalog?item=74&amp;amp;desc=vacation_newfoundland</loc>
    <lastmod>2004-12-23</lastmod>
    <priority>0.3</priority>
  </url>
  <url>
    <loc>http://www.example.com/catalog?item=83&amp;amp;desc=vacation_usa</loc>
    <lastmod>2004-11-23</lastmod>
  </url>
</urlset>
